// Jest Snapshot v1, https://goo.gl/fbAQLP

exports[`DeploymentDashboard matches snapshot 1`] = `
<div>
  <div
    class="space-y-6"
  >
    <div
      class="flex items-center justify-between"
    >
      <div>
        <h3
          class="text-2xl font-bold text-white"
        >
          Deployment Center
        </h3>
        <p
          class="text-gray-400"
        >
          Manage application deployments and CI/CD pipelines
        </p>
      </div>
      <div
        class="flex items-center space-x-3"
      >
        <button
          class="flex items-center space-x-2 px-4 py-2 bg-gradient-to-r from-green-500 to-emerald-600 text-white rounded-lg hover:from-green-600 hover:to-emerald-700 transition disabled:opacity-50"
        >
          <svg
            class="w-4 h-4"
            fill="none"
            height="24"
            stroke="currentColor"
            stroke-linecap="round"
            stroke-linejoin="round"
            stroke-width="2"
            viewBox="0 0 24 24"
            width="24"
            xmlns="http://www.w3.org/2000/svg"
          >
            <polygon
              points="5 3 19 12 5 21 5 3"
            />
          </svg>
          <span>
            Deploy Now
          </span>
        </button>
      </div>
    </div>
    <div
      class="backdrop-blur-xl bg-white/5 border border-white/10 rounded-xl p-6"
    >
      <h4
        class="text-lg font-semibold text-white mb-4"
      >
        Deployment History
      </h4>
      <div
        class="space-y-3"
      >
        <div
          class="text-center py-8 text-gray-400"
        >
          <svg
            class="w-12 h-12 mx-auto mb-3 opacity-50"
            fill="none"
            height="24"
            stroke="currentColor"
            stroke-linecap="round"
            stroke-linejoin="round"
            stroke-width="2"
            viewBox="0 0 24 24"
            width="24"
            xmlns="http://www.w3.org/2000/svg"
          >
            <path
              d="M12.22 2h-.44a2 2 0 0 0-2 2v.18a2 2 0 0 1-1 1.73l-.43.25a2 2 0 0 1-2 0l-.15-.08a2 2 0 0 0-2.73.73l-.22.38a2 2 0 0 0 .73 2.73l.15.1a2 2 0 0 1 1 1.72v.51a2 2 0 0 1-1 1.74l-.15.09a2 2 0 0 0-.73 2.73l.22.38a2 2 0 0 0 2.73.73l.15-.08a2 2 0 0 1 2 0l.43.25a2 2 0 0 1 1 1.73V20a2 2 0 0 0 2 2h.44a2 2 0 0 0 2-2v-.18a2 2 0 0 1 1-1.73l.43-.25a2 2 0 0 1 2 0l.15.08a2 2 0 0 0 2.73-.73l.22-.39a2 2 0 0 0-.73-2.73l-.15-.08a2 2 0 0 1-1-1.74v-.5a2 2 0 0 1 1-1.74l.15-.09a2 2 0 0 0 .73-2.73l-.22-.38a2 2 0 0 0-2.73-.73l-.15.08a2 2 0 0 1-2 0l-.43-.25a2 2 0 0 1-1-1.73V4a2 2 0 0 0-2-2z"
            />
            <circle
              cx="12"
              cy="12"
              r="3"
            />
          </svg>
          <div>
            No deployments yet
          </div>
          <div
            class="text-sm"
          >
            Start your first deployment to see history
          </div>
        </div>
      </div>
    </div>
    <div
      class="grid grid-cols-1 lg:grid-cols-2 gap-6"
    >
      <div
        class="backdrop-blur-xl bg-white/5 border border-white/10 rounded-xl p-6"
      >
        <h4
          class="text-lg font-semibold text-white mb-4"
        >
          Environment Settings
        </h4>
        <div
          class="space-y-4"
        >
          <div>
            <label
              class="block text-sm font-medium text-gray-300 mb-2"
            >
              Environment
            </label>
            <select
              class="w-full px-4 py-2 bg-white/5 border border-white/10 rounded-lg text-white focus:outline-none focus:ring-2 focus:ring-cyan-500"
            >
              <option>
                Production
              </option>
              <option>
                Staging
              </option>
              <option>
                Development
              </option>
            </select>
          </div>
          <div>
            <label
              class="block text-sm font-medium text-gray-300 mb-2"
            >
              Build Command
            </label>
            <input
              class="w-full px-4 py-2 bg-white/5 border border-white/10 rounded-lg text-white focus:outline-none focus:ring-2 focus:ring-cyan-500"
              type="text"
              value="npm run build"
            />
          </div>
          <div>
            <label
              class="block text-sm font-medium text-gray-300 mb-2"
            >
              Node Version
            </label>
            <select
              class="w-full px-4 py-2 bg-white/5 border border-white/10 rounded-lg text-white focus:outline-none focus:ring-2 focus:ring-cyan-500"
            >
              <option>
                18.x
              </option>
              <option>
                20.x
              </option>
              <option>
                16.x
              </option>
            </select>
          </div>
        </div>
      </div>
      <div
        class="backdrop-blur-xl bg-white/5 border border-white/10 rounded-xl p-6"
      >
        <h4
          class="text-lg font-semibold text-white mb-4"
        >
          Deployment Statistics
        </h4>
        <div
          class="space-y-4"
        >
          <div
            class="flex justify-between items-center p-3 bg-white/5 rounded-lg"
          >
            <span
              class="text-gray-400"
            >
              Total Deployments
            </span>
            <span
              class="text-white font-semibold"
            >
              0
            </span>
          </div>
          <div
            class="flex justify-between items-center p-3 bg-white/5 rounded-lg"
          >
            <span
              class="text-gray-400"
            >
              Success Rate
            </span>
            <span
              class="text-green-400 font-semibold"
            >
              0%
            </span>
          </div>
          <div
            class="flex justify-between items-center p-3 bg-white/5 rounded-lg"
          >
            <span
              class="text-gray-400"
            >
              Average Duration
            </span>
            <span
              class="text-cyan-400 font-semibold"
            >
              210
              s
            </span>
          </div>
          <div
            class="flex justify-between items-center p-3 bg-white/5 rounded-lg"
          >
            <span
              class="text-gray-400"
            >
              Last Deployment
            </span>
            <span
              class="text-white font-semibold"
            >
              None
            </span>
          </div>
        </div>
      </div>
    </div>
  </div>
</div>
`;
