// Jest Snapshot v1, https://goo.gl/fbAQLP

exports[`MonitoringPage matches snapshot 1`] = `
<div>
  <div
    class="min-h-screen pt-24 pb-12 px-4 sm:px-6 lg:px-8"
  >
    <div
      class="max-w-7xl mx-auto space-y-8"
    >
      <div>
        <h1
          class="text-4xl font-bold text-white mb-2"
        >
          Monitoring
        </h1>
        <p
          class="text-gray-400"
        >
          Real-time monitoring of agents and projects
        </p>
      </div>
      <div
        class="grid grid-cols-1 lg:grid-cols-2 gap-6"
      >
        <div
          class="backdrop-blur-xl bg-white/5 border border-white/10 rounded-xl p-6"
        >
          <h3
            class="text-xl font-bold text-white mb-6"
          >
            Agent Status
          </h3>
          <div
            class="space-y-3"
          />
        </div>
        <div
          class="backdrop-blur-xl bg-white/5 border border-white/10 rounded-xl p-6"
        >
          <h3
            class="text-xl font-bold text-white mb-6"
          >
            Project Status
          </h3>
          <div
            class="space-y-3"
          />
        </div>
      </div>
    </div>
  </div>
</div>
`;
